// Jest Snapshot v1, https://goo.gl/fbAQLP

exports[`Table renders properly 1`] = `
<Fragment>
  <styled.table
    data-cosmos-key="table"
  >
    <TableHeader
      columns={
        Array [
          Object {
            "children": [Function],
            "field": "image",
            "sortable": false,
            "truncating": false,
            "width": "50px",
          },
          Object {
            "field": "name",
            "sortable": true,
            "title": "Name",
            "truncating": false,
            "width": "30%",
          },
          Object {
            "field": "country",
            "sortable": false,
            "title": "Country",
            "truncating": false,
          },
          Object {
            "field": "goals",
            "sortable": false,
            "title": "Goals",
            "truncating": false,
          },
          Object {
            "field": "assists",
            "sortable": false,
            "title": "Assists",
            "truncating": false,
          },
        ]
      }
      onSort={[Function]}
      sortDirection="asc"
      sortingColumn={
        Object {
          "field": "name",
          "sortable": true,
          "title": "Name",
          "truncating": false,
          "width": "30%",
        }
      }
    />
    <styled.tbody
      data-cosmos-key="table.body"
    >
      <styled.tr
        data-cosmos-key="table.row"
        key="row-0"
        onClick={[Function]}
      >
        <styled.td
          column={
            Object {
              "children": [Function],
              "field": "image",
              "sortable": false,
              "truncating": false,
              "width": "50px",
            }
          }
          key="image"
        >
          <Avatar
            image="https://twitter-avatar.now.sh/HKane"
            size="medium"
            type="user"
          />
        </styled.td>
        <styled.td
          column={
            Object {
              "field": "name",
              "sortable": true,
              "title": "Name",
              "truncating": false,
              "width": "30%",
            }
          }
          key="name"
        >
          Harry Kane
        </styled.td>
        <styled.td
          column={
            Object {
              "field": "country",
              "sortable": false,
              "title": "Country",
              "truncating": false,
            }
          }
          key="country"
        >
          ðŸ‡¬ðŸ‡§
        </styled.td>
        <styled.td
          column={
            Object {
              "field": "goals",
              "sortable": false,
              "title": "Goals",
              "truncating": false,
            }
          }
          key="goals"
        >
          6
        </styled.td>
        <styled.td
          column={
            Object {
              "field": "assists",
              "sortable": false,
              "title": "Assists",
              "truncating": false,
            }
          }
          key="assists"
        >
          0
        </styled.td>
      </styled.tr>
      <styled.tr
        data-cosmos-key="table.row"
        key="row-1"
        onClick={[Function]}
      >
        <styled.td
          column={
            Object {
              "children": [Function],
              "field": "image",
              "sortable": false,
              "truncating": false,
              "width": "50px",
            }
          }
          key="image"
        >
          <Avatar
            image="https://twitter-avatar.now.sh/Romelu_lukaku9"
            size="medium"
            type="user"
          />
        </styled.td>
        <styled.td
          column={
            Object {
              "field": "name",
              "sortable": true,
              "title": "Name",
              "truncating": false,
              "width": "30%",
            }
          }
          key="name"
        >
          Romelu Lukaku
        </styled.td>
        <styled.td
          column={
            Object {
              "field": "country",
              "sortable": false,
              "title": "Country",
              "truncating": false,
            }
          }
          key="country"
        >
          ðŸ‡§ðŸ‡ª
        </styled.td>
        <styled.td
          column={
            Object {
              "field": "goals",
              "sortable": false,
              "title": "Goals",
              "truncating": false,
            }
          }
          key="goals"
        >
          4
        </styled.td>
        <styled.td
          column={
            Object {
              "field": "assists",
              "sortable": false,
              "title": "Assists",
              "truncating": false,
            }
          }
          key="assists"
        >
          1
        </styled.td>
      </styled.tr>
      <styled.tr
        data-cosmos-key="table.row"
        key="row-2"
        onClick={[Function]}
      >
        <styled.td
          column={
            Object {
              "children": [Function],
              "field": "image",
              "sortable": false,
              "truncating": false,
              "width": "50px",
            }
          }
          key="image"
        >
          <Avatar
            image="https://twitter-avatar.now.sh/AntoGriezmann"
            size="medium"
            type="user"
          />
        </styled.td>
        <styled.td
          column={
            Object {
              "field": "name",
              "sortable": true,
              "title": "Name",
              "truncating": false,
              "width": "30%",
            }
          }
          key="name"
        >
          Antoine Griezmann
        </styled.td>
        <styled.td
          column={
            Object {
              "field": "country",
              "sortable": false,
              "title": "Country",
              "truncating": false,
            }
          }
          key="country"
        >
          ðŸ‡«ðŸ‡·
        </styled.td>
        <styled.td
          column={
            Object {
              "field": "goals",
              "sortable": false,
              "title": "Goals",
              "truncating": false,
            }
          }
          key="goals"
        >
          4
        </styled.td>
        <styled.td
          column={
            Object {
              "field": "assists",
              "sortable": false,
              "title": "Assists",
              "truncating": false,
            }
          }
          key="assists"
        >
          2
        </styled.td>
      </styled.tr>
      <styled.tr
        data-cosmos-key="table.row"
        key="row-3"
        onClick={[Function]}
      >
        <styled.td
          column={
            Object {
              "children": [Function],
              "field": "image",
              "sortable": false,
              "truncating": false,
              "width": "50px",
            }
          }
          key="image"
        >
          <Avatar
            image="https://twitter-avatar.now.sh/ivanperisic44"
            size="medium"
            type="user"
          />
        </styled.td>
        <styled.td
          column={
            Object {
              "field": "name",
              "sortable": true,
              "title": "Name",
              "truncating": false,
              "width": "30%",
            }
          }
          key="name"
        >
          Ivan PeriÅ¡iÄ‡
        </styled.td>
        <styled.td
          column={
            Object {
              "field": "country",
              "sortable": false,
              "title": "Country",
              "truncating": false,
            }
          }
          key="country"
        >
          ðŸ‡­ðŸ‡·
        </styled.td>
        <styled.td
          column={
            Object {
              "field": "goals",
              "sortable": false,
              "title": "Goals",
              "truncating": false,
            }
          }
          key="goals"
        >
          3
        </styled.td>
        <styled.td
          column={
            Object {
              "field": "assists",
              "sortable": false,
              "title": "Assists",
              "truncating": false,
            }
          }
          key="assists"
        >
          1
        </styled.td>
      </styled.tr>
    </styled.tbody>
  </styled.table>
  <Component
    rows={
      Array [
        <styled.tr
          data-cosmos-key="table.row"
          onClick={[Function]}
        >
          <styled.td
            column={
              Object {
                "children": [Function],
                "field": "image",
                "sortable": false,
                "truncating": false,
                "width": "50px",
              }
            }
          >
            <Avatar
              image="https://twitter-avatar.now.sh/HKane"
              size="medium"
              type="user"
            />
          </styled.td>
          <styled.td
            column={
              Object {
                "field": "name",
                "sortable": true,
                "title": "Name",
                "truncating": false,
                "width": "30%",
              }
            }
          >
            Harry Kane
          </styled.td>
          <styled.td
            column={
              Object {
                "field": "country",
                "sortable": false,
                "title": "Country",
                "truncating": false,
              }
            }
          >
            ðŸ‡¬ðŸ‡§
          </styled.td>
          <styled.td
            column={
              Object {
                "field": "goals",
                "sortable": false,
                "title": "Goals",
                "truncating": false,
              }
            }
          >
            6
          </styled.td>
          <styled.td
            column={
              Object {
                "field": "assists",
                "sortable": false,
                "title": "Assists",
                "truncating": false,
              }
            }
          >
            0
          </styled.td>
        </styled.tr>,
        <styled.tr
          data-cosmos-key="table.row"
          onClick={[Function]}
        >
          <styled.td
            column={
              Object {
                "children": [Function],
                "field": "image",
                "sortable": false,
                "truncating": false,
                "width": "50px",
              }
            }
          >
            <Avatar
              image="https://twitter-avatar.now.sh/Romelu_lukaku9"
              size="medium"
              type="user"
            />
          </styled.td>
          <styled.td
            column={
              Object {
                "field": "name",
                "sortable": true,
                "title": "Name",
                "truncating": false,
                "width": "30%",
              }
            }
          >
            Romelu Lukaku
          </styled.td>
          <styled.td
            column={
              Object {
                "field": "country",
                "sortable": false,
                "title": "Country",
                "truncating": false,
              }
            }
          >
            ðŸ‡§ðŸ‡ª
          </styled.td>
          <styled.td
            column={
              Object {
                "field": "goals",
                "sortable": false,
                "title": "Goals",
                "truncating": false,
              }
            }
          >
            4
          </styled.td>
          <styled.td
            column={
              Object {
                "field": "assists",
                "sortable": false,
                "title": "Assists",
                "truncating": false,
              }
            }
          >
            1
          </styled.td>
        </styled.tr>,
        <styled.tr
          data-cosmos-key="table.row"
          onClick={[Function]}
        >
          <styled.td
            column={
              Object {
                "children": [Function],
                "field": "image",
                "sortable": false,
                "truncating": false,
                "width": "50px",
              }
            }
          >
            <Avatar
              image="https://twitter-avatar.now.sh/AntoGriezmann"
              size="medium"
              type="user"
            />
          </styled.td>
          <styled.td
            column={
              Object {
                "field": "name",
                "sortable": true,
                "title": "Name",
                "truncating": false,
                "width": "30%",
              }
            }
          >
            Antoine Griezmann
          </styled.td>
          <styled.td
            column={
              Object {
                "field": "country",
                "sortable": false,
                "title": "Country",
                "truncating": false,
              }
            }
          >
            ðŸ‡«ðŸ‡·
          </styled.td>
          <styled.td
            column={
              Object {
                "field": "goals",
                "sortable": false,
                "title": "Goals",
                "truncating": false,
              }
            }
          >
            4
          </styled.td>
          <styled.td
            column={
              Object {
                "field": "assists",
                "sortable": false,
                "title": "Assists",
                "truncating": false,
              }
            }
          >
            2
          </styled.td>
        </styled.tr>,
        <styled.tr
          data-cosmos-key="table.row"
          onClick={[Function]}
        >
          <styled.td
            column={
              Object {
                "children": [Function],
                "field": "image",
                "sortable": false,
                "truncating": false,
                "width": "50px",
              }
            }
          >
            <Avatar
              image="https://twitter-avatar.now.sh/ivanperisic44"
              size="medium"
              type="user"
            />
          </styled.td>
          <styled.td
            column={
              Object {
                "field": "name",
                "sortable": true,
                "title": "Name",
                "truncating": false,
                "width": "30%",
              }
            }
          >
            Ivan PeriÅ¡iÄ‡
          </styled.td>
          <styled.td
            column={
              Object {
                "field": "country",
                "sortable": false,
                "title": "Country",
                "truncating": false,
              }
            }
          >
            ðŸ‡­ðŸ‡·
          </styled.td>
          <styled.td
            column={
              Object {
                "field": "goals",
                "sortable": false,
                "title": "Goals",
                "truncating": false,
              }
            }
          >
            3
          </styled.td>
          <styled.td
            column={
              Object {
                "field": "assists",
                "sortable": false,
                "title": "Assists",
                "truncating": false,
              }
            }
          >
            1
          </styled.td>
        </styled.tr>,
      ]
    }
  >
    There are no items to display
  </Component>
</Fragment>
`;
